
> movie-records@0.1.0 test
> react-scripts test "--coverage"

PASS src/components/WatchStatus.test.tsx
PASS src/App.test.tsx
-----------------------|---------|----------|---------|---------|-------------------
File                   | % Stmts | % Branch | % Funcs | % Lines | Uncovered Line #s 
-----------------------|---------|----------|---------|---------|-------------------
All files              |      30 |    18.18 |   23.21 |   31.57 |                   
 src                   |      35 |        0 |   15.38 |   41.17 |                   
  App.tsx              |      35 |        0 |   15.38 |   41.17 | 18,34-59          
 src/components        |   28.33 |       25 |   25.58 |   28.81 |                   
  AddMovieModal.tsx    |   42.85 |      100 |      25 |   42.85 | 20-35,54          
  EditableSongList.tsx |       0 |      100 |       0 |       0 | 12-55             
  MovieEditor.tsx      |       0 |        0 |       0 |       0 | 18-127            
  MovieList.tsx        |     100 |      100 |     100 |     100 |                   
  MovieRating.tsx      |     100 |      100 |     100 |     100 |                   
  MovieTrailer.tsx     |     100 |      100 |     100 |     100 |                   
  MovieView.tsx        |      50 |       50 |   33.33 |      50 | 25,42             
  PlaySong.tsx         |     100 |      100 |     100 |     100 |                   
  RecordControls.tsx   |      20 |    33.33 |      20 |      20 | 20-48             
  SongList.tsx         |     100 |      100 |     100 |     100 |                   
  SoundtrackEditor.tsx |       0 |        0 |       0 |       0 | 11-52             
  WatchStatus.tsx      |     100 |       50 |     100 |     100 | 7                 
 src/interfaces        |       0 |        0 |       0 |       0 |                   
  movie.ts             |       0 |        0 |       0 |       0 |                   
  song.ts              |       0 |        0 |       0 |       0 |                   
  watch.ts             |       0 |        0 |       0 |       0 |                   
-----------------------|---------|----------|---------|---------|-------------------

Test Suites: 2 passed, 2 total
Tests:       4 passed, 4 total
Snapshots:   0 total
Time:        3.146 s
Ran all test suites.
